     1                                  section .data
     2 00000000 0200                    A dw 2
     3 00000002 0600                    B dw 6
     4 00000004 0200                    K dw 2
     5                                  section .bss
     6 00000000 ????                    F resw 1
     7                                  section .txt
     8                                  global _start
     9                                  _start:
    10 00000000 66A1[04000000]          mov AX, [K]
    11 00000006 66F7E8                  imul AX ; k^2
    12 00000009 6683C002                add AX, 2
    13 0000000D 6689C1                  mov CX, AX; сохраним значение знаминателя
    14 00000010 66A1[02000000]          mov AX, [B]
    15 00000016 66F7E8                  imul AX ; B^2
    16 00000019 668B1D[02000000]        mov BX, [B]
    17 00000020 66F7EB                  imul BX ; B^3
    18 00000023 66F7F9                  idiv CX ; AX = B^3 / K^2+2
    19 00000026 6689C1                  mov CX, AX ;сохраним значение дроби
    20 00000029 66A1[00000000]          mov AX, [A]
    21 0000002F 66F7EB                  imul BX
    22 00000032 6629C8                  sub AX, CX
    23 00000035 66A3[00000000]          mov [F], AX
    24 0000003B 0F05                    syscall
    25                                  
    26                                  
    27                                  
    28                                  
